// Jest Snapshot v1, https://goo.gl/fbAQLP

exports[`#compile 1`] = `
Object {
  "foo": Object {},
}
`;
