// Jest Snapshot v1, https://goo.gl/fbAQLP

exports[`#readResolversDir gets all json files in the directory 1`] = `
Array [
  "Query.json",
]
`;
