// Jest Snapshot v1, https://goo.gl/fbAQLP

exports[`setPath throws when trying to set a path that doesnt exist 1`] = `"Can't set path foo,bar on [object Object]"`;
